form_type,filer_committee_id_number,committee_name,change_of_address,street_1,street_2,city,state,zip_code,activity_primary,activity_general,report_code,election_code,date_of_election,state_of_election,coverage_from_date,coverage_through_date,treasurer_last_name,treasurer_first_name,treasurer_middle_name,treasurer_prefix,treasurer_suffix,date_signed,col_a_cash_on_hand_beginning_period,col_a_total_receipts,col_a_subtotal,col_a_total_disbursements,col_a_cash_on_hand_close_of_period,col_a_debts_to,col_a_debts_by,col_a_expenditures_subject_to_limits,col_a_net_contributions,col_a_net_operating_expenditures,col_a_federal_funds,col_a_individuals_itemized,col_a_individuals_unitemized,col_a_individual_contribution_total,col_a_political_party_committees_receipts,col_a_other_political_committees_pacs,col_a_the_candidate,col_a_total_contributions,col_a_transfers_from_aff_other_party_cmttees,col_a_received_from_or_guaranteed_by_cand,col_a_other_loans,col_a_total_loans,col_a_operating,col_a_fundraising,col_a_legal_and_accounting,col_a_total_offsets_to_expenditures,col_a_other_receipts,col_a_total_receipts,col_a_operating_expenditures,col_a_transfers_to_other_authorized_committees,col_a_fundraising_disbursements,col_a_exempt_legal_accounting_disbursement,col_a_made_or_guaranteed_by_candidate,col_a_other_repayments,col_a_total_loan_repayments_made,col_a_individuals,col_a_political_party_committees_refunds,col_a_other_political_committees,col_a_total_contributions_refunds,col_a_other_disbursements,col_a_total_disbursements,col_a_items_on_hand_to_be_liquidated,col_a_alabama,col_a_alaska,col_a_arizona,col_a_arkansas,col_a_california,col_a_colorado,col_a_connecticut,col_a_delaware,col_a_dist_of_columbia,col_a_florida,col_a_georgia,col_a_hawaii,col_a_idaho,col_a_illinois,col_a_indiana,col_a_iowa,col_a_kansas,col_a_kentucky,col_a_louisiana,col_a_maine,col_a_maryland,col_a_massachusetts,col_a_michigan,col_a_minnesota,col_a_mississippi,col_a_missouri,col_a_montana,col_a_nebraska,col_a_nevada,col_a_new_hampshire,col_a_new_jersey,col_a_new_mexico,col_a_new_york,col_a_north_carolina,col_a_north_dakota,col_a_ohio,col_a_oklahoma,col_a_oregon,col_a_pennsylvania,col_a_rhode_island,col_a_south_carolina,col_a_south_dakota,col_a_tennessee,col_a_texas,col_a_utah,col_a_vermont,col_a_virginia,col_a_washington,col_a_west_virginia,col_a_wisconsin,col_a_wyoming,col_a_puerto_rico,col_a_guam,col_a_virgin_islands,col_a_totals,col_b_federal_funds,col_b_individuals_itemized,col_b_individuals_unitemized,col_b_individual_contribution_total,col_b_political_party_committees_receipts,col_b_other_political_committees_pacs,col_b_the_candidate,col_b_total_contributions_other_than_loans,col_b_transfers_from_aff_other_party_cmttees,col_b_received_from_or_guaranteed_by_cand,col_b_other_loans,col_b_total_loans,col_b_operating,col_b_fundraising,col_b_legal_and_accounting,col_b_total_offsets_to_operating_expenditures,col_b_other_receipts,col_b_total_receipts,col_b_operating_expenditures,col_b_transfers_to_other_authorized_committees,col_b_fundraising_disbursements,col_b_exempt_legal_accounting_disbursement,col_b_made_or_guaranteed_by_the_candidate,col_b_other_repayments,col_b_total_loan_repayments_made,col_b_individuals,col_b_political_party_committees_refunds,col_b_other_political_committees,col_b_total_contributions_refunds,col_b_other_disbursements,col_b_total_disbursements,col_b_alabama,col_b_alaska,col_b_arizona,col_b_arkansas,col_b_california,col_b_colorado,col_b_connecticut,col_b_delaware,col_b_dist_of_columbia,col_b_florida,col_b_georgia,col_b_hawaii,col_b_idaho,col_b_illinois,col_b_indiana,col_b_iowa,col_b_kansas,col_b_kentucky,col_b_louisiana,col_b_maine,col_b_maryland,col_b_massachusetts,col_b_michigan,col_b_minnesota,col_b_mississippi,col_b_missouri,col_b_montana,col_b_nebraska,col_b_nevada,col_b_new_hampshire,col_b_new_jersey,col_b_new_mexico,col_b_new_york,col_b_north_carolina,col_b_north_dakota,col_b_ohio,col_b_oklahoma,col_b_oregon,col_b_pennsylvania,col_b_rhode_island,col_b_south_carolina,col_b_south_dakota,col_b_tennessee,col_b_texas,col_b_utah,col_b_vermont,col_b_virginia,col_b_washington,col_b_west_virginia,col_b_wisconsin,col_b_wyoming,col_b_puerto_rico,col_b_guam,col_b_virgin_islands,col_b_totals
F3PN,C00703975,Biden for President,,PO Box 58178,,Philadelphia,PA,19102,,,Q2,,,,2021-04-01,2021-06-30,Wise,Andrea,,,,2021-07-15,3167522.29,2158612.93,5326135.22,610976.39,4715158.83,0.00,0.00,0.00,-3728927.47,42350581.38,0.00,0.00,0.00,0.00,0.00,0.00,0.00,0.00,5000.00,0.00,0.00,0.00,2153612.93,0.00,0.00,2153612.93,0.00,2158612.93,501531.93,0.00,0.00,0.00,0.00,0.00,0.00,102307.46,0.00,0.00,102307.46,7137.00,610976.39,0.00,0.00,0.00,0.00,0.00,0.00,0.00,0.00,0.00,0.00,0.00,0.00,0.00,0.00,0.00,0.00,0.00,0.00,0.00,0.00,0.00,0.00,0.00,0.00,0.00,0.00,0.00,0.00,0.00,0.00,0.00,0.00,0.00,0.00,0.00,0.00,0.00,0.00,0.00,0.00,0.00,0.00,0.00,0.00,0.00,0.00,0.00,0.00,0.00,0.00,0.00,0.00,0.00,0.00,0.00,0.00,0.00,2806.76,5399.77,8206.53,0.00,0.00,0.00,8206.53,20091704.16,0.00,0.00,0.00,6437294.44,0.00,0.00,6437294.44,5573.22,26542778.35,48787875.82,480677.00,0.00,0.00,0.00,0.00,0.00,3737134.00,0.00,0.00,3737134.00,1258937.00,54264623.82,0.00,0.00,0.00,0.00,0.00,0.00,0.00,0.00,0.00,0.00,0.00,0.00,0.00,0.00,0.00,0.00,0.00,0.00,0.00,0.00,0.00,0.00,0.00,0.00,0.00,0.00,0.00,0.00,0.00,0.00,0.00,0.00,0.00,0.00,0.00,0.00,0.00,0.00,0.00,0.00,0.00,0.00,0.00,0.00,0.00,0.00,0.00,0.00,0.00,0.00,0.00,0.00,0.00,0.00,0.00
