form_type,filer_committee_id_number,committee_name,street_1,street_2,city,state,zip_code,change_of_address,qualified_committee,report_code,election_code,date_of_election,state_of_election,coverage_from_date,coverage_through_date,col_a_cash_on_hand_beginning_period,col_a_total_receipts,col_a_subtotal,col_a_total_disbursements,col_a_cash_on_hand_close_of_period,col_a_debts_to,col_a_debts_by,col_a_individuals_itemized,col_a_individuals_unitemized,col_a_individual_contribution_total,col_a_political_party_committees,col_a_other_political_committees_pacs,col_a_total_contributions,col_a_transfers_from_aff_other_party_cmttees,col_a_total_loans,col_a_total_loan_repayments_received,col_a_offsets_to_expenditures,col_a_federal_refunds,col_a_other_federal_receipts,col_a_transfers_from_nonfederal_h3,col_a_total_receipts,col_a_total_federal_receipts,col_a_shared_operating_expenditures_federal,col_a_shared_operating_expenditures_nonfederal,col_a_other_federal_operating_expenditures,col_a_total_operating_expenditures,col_a_transfers_to_affiliated,col_a_contributions_to_candidates,col_a_independent_expenditures,col_a_coordinated_expenditures_by_party_committees,col_a_total_loan_repayments_made,col_a_loans_made,col_a_refunds_to_individuals,col_a_refunds_to_party_committees,col_a_refunds_to_other_committees,col_a_total_refunds,col_a_other_disbursements,col_a_total_disbursements,col_a_total_federal_disbursements,col_a_total_contributions,col_a_total_contributions_refunds,col_a_net_contributions,col_a_total_federal_operating_expenditures,col_a_total_offsets_to_expenditures,col_a_net_operating_expenditures,col_b_cash_on_hand_jan_1,col_b_year,col_b_total_receipts,col_b_subtotal,col_b_total_disbursements,col_b_cash_on_hand_close_of_period,col_b_individuals_itemized,col_b_individuals_unitemized,col_b_individual_contribution_total,col_b_political_party_committees,col_b_other_political_committees_pacs,col_b_total_contributions,col_b_transfers_from_aff_other_party_cmttees,col_b_total_loans,col_b_total_loan_repayments_received,col_b_offsets_to_expenditures,col_b_federal_refunds,col_b_other_federal_receipts,col_b_transfers_from_nonfederal_h3,col_b_total_receipts,col_b_total_federal_receipts,col_b_shared_operating_expenditures_federal,col_b_shared_operating_expenditures_nonfederal,col_b_other_federal_operating_expenditures,col_b_total_operating_expenditures,col_b_transfers_to_affiliated,col_b_contributions_to_candidates,col_b_independent_expenditures,col_b_coordinated_expenditures_by_party_committees,col_b_total_loan_repayments_made,col_b_loans_made,col_b_refunds_to_individuals,col_b_refunds_to_party_committees,col_b_refunds_to_other_committees,col_b_total_refunds,col_b_other_disbursements,col_b_total_disbursements,col_b_total_federal_disbursements,col_b_total_contributions,col_b_total_contributions_refunds,col_b_net_contributions,col_b_total_federal_operating_expenditures,col_b_total_offsets_to_expenditures,col_b_net_operating_expenditures,treasurer_name,date_signed
F3XA,C00101766,CONTINENTAL AIRLINES INC EMPLOYEE FUND FOR A BETTER AMERICA (FKA CONTINENTAL HOLDINGS PAC),"1600 Smith Street, 19th Floor",,Houston,TX,77002,,,M6,,,,2000-05-01,2000-05-31,151948.01,16345.33,168293.34,10650.00,157643.34,0.00,0.00,14285.95,1279.84,15565.79,0.00,0.00,15565.79,0.00,0.00,0.00,0.00,0.00,779.54,0.00,16345.33,16345.33,0.00,0.00,0.00,0.00,0.00,8650.00,0.00,0.00,0.00,0.00,0.00,0.00,0.00,0.00,2000.00,10650.00,10650.00,15565.79,0.00,15565.79,0.00,0.00,0.00,137676.65,2000.00,61076.69,198753.34,41110.00,157643.34,41820.76,15796.45,57617.21,0.00,0.00,57617.21,0.00,0.00,0.00,0.00,0.00,3459.48,0.00,61076.69,61076.69,0.00,0.00,1960.00,1960.00,0.00,31150.00,0.00,0.00,0.00,0.00,0.00,0.00,0.00,0.00,8000.00,41110.00,41110.00,57617.21,0.00,57617.21,1960.00,0.00,1960.00,Cox^Rebecca,2001-04-11
