fec_ver_#,soft_name,soft_ver#,dec/nodec,date_fmat,namedelim,form_name,fec_idnum,committee,control_#,SCHEDULE_COUNTS_sa11a1,SCHEDULE_COUNTS_sa17,SCHEDULE_COUNTS_sb23,SCHEDULE_COUNTS_sb29
2.02,fecfile,3,dec,ccyymmdd,^,f3xa,c00101766,continental airlines inc employee fund for a better america (fka continental holdings pac),k245592q,00139,00001,00008,00003
