form_type,filer_committee_id_number,entity_type,contributor_name,contributor_street_1,contributor_street_2,contributor_city,contributor_state,contributor_zip_code,election_code,election_other_description,contributor_employer,contributor_occupation,contribution_aggregate,contribution_date,contribution_amount,contribution_purpose_code,contribution_purpose_descrip,donor_committee_fec_id,donor_candidate_fec_id,donor_candidate_name,donor_candidate_office,donor_candidate_state,donor_candidate_district,conduit_name,conduit_street1,conduit_street2,conduit_city,conduit_state,conduit_zip_code,memo_code,memo_text_description,amended_cd,transaction_id,back_reference_tran_id_number,back_reference_sched_name
SA17,C00101766,ORG,T. Rowe Price,P. O. Box 8900,,Baltimore,MD,212890220,,,,,3459.48,2000-05-31,779.54,,,,,,,,,,,,,,,,,N,SA17.5116,,
