form_type,filer_committee_id_number,entity_type,payee_name,payee_street_1,payee_street_2,payee_city,payee_state,payee_zip_code,expenditure_purpose_code,expenditure_purpose_descrip,election_code,election_other_description,expenditure_date,expenditure_amount,beneficiary_committee_fec_id,beneficiary_candidate_fec_id,beneficiary_candidate_name,beneficiary_candidate_office,beneficiary_candidate_state,beneficiary_candidate_district,conduit_name,conduit_street_1,conduit_street_2,conduit_city,conduit_state,conduit_zip_code,memo_code,memo_text_description,amended_cd,transaction_id_number,back_reference_tran_id_number,back_reference_sched_name,reference_to_si_or_sl_system_code_that_identifies_the_account
SB29,C00101766,CAN,Junell^Rob,P.O. Box 3362,,San Angelo,TX,76902,,Texas State Representative,P,,2000-05-01,500.00,,,,,,,,,,,,,,,N,SB29.5125,,,
SB29,C00101766,CAN,Laney^James,"Route 2, Box 115",,Hale Center,TX,79041,,Texas State Representative,P,,2000-05-01,1000.00,,,,,,,,,,,,,,,N,SB29.5144,,,
SB29,C00101766,CAN,Shapiro^Florence,2901 Dallas Parkway,Suite 322,Plano,TX,75093,,Texas Senate,P,,2000-05-01,500.00,,,,,,,,,,,,,,,N,SB29.5118,,,
