record_type,ef_type,fec_version,soft_name,soft_ver,report_id,report_number,comment
HDR,FEC,8.3,NGP,8,,,
