form_type,filer_committee_id_number,transaction_id,back_reference_tran_id_number,back_reference_sched_name,entity_type,contributor_organization_name,contributor_last_name,contributor_first_name,contributor_middle_name,contributor_prefix,contributor_suffix,contributor_street_1,contributor_street_2,contributor_city,contributor_state,contributor_zip_code,election_code,election_other_description,contribution_date,contribution_amount,contribution_aggregate,contribution_purpose_descrip,contributor_employer,contributor_occupation,donor_committee_fec_id,donor_committee_name,donor_candidate_fec_id,donor_candidate_last_name,donor_candidate_first_name,donor_candidate_middle_name,donor_candidate_prefix,donor_candidate_suffix,donor_candidate_office,donor_candidate_state,donor_candidate_district,conduit_name,conduit_street1,conduit_street2,conduit_city,conduit_state,conduit_zip_code,memo_code,memo_text_description,reference_code
SA11C,C00431353,1676038,,,PAC,ASSOCIATED MILK PRODUCERS INC. POLITICAL ACTION CO,,,,,,PO Box 455,,New Ulm,MN,560730455,P2024,,2021-09-24,2500.00,2500.00,,,,C00330696,ASSOCIATED MILK PRODUCERS INC. POLITICAL ACTION CO,,,,,,,,,,,,,,,,,,
SA11C,C00431353,1676077,,,PAC,MINN-DAK FARMERS COOPERATIVE POLITICAL ACTION COMM,,,,,,7525 Red River Rd,,Wahpeton,ND,580759705,P2024,,2021-08-31,1500.00,1500.00,,,,C00164939,MINN-DAK FARMERS COOPERATIVE POLITICAL ACTION COMM,,,,,,,,,,,,,,,,,,
SA11C,C00431353,1676039,,,PAC,SOUTHERN MINNESOTA BEET SUGAR COOPERATIVE POLITICA,,,,,,13468 Indian Beach Rd,,Spicer,MN,562889595,P2024,,2021-09-24,5000.00,5000.00,,,,C00166348,SOUTHERN MINNESOTA BEET SUGAR COOPERATIVE POLITICA,,,,,,,,,,,,,,,,,,
