form_type,filer_committee_id_number,transaction_id,back_reference_tran_id_number,back_reference_sched_name,entity_type,contributor_organization_name,contributor_last_name,contributor_first_name,contributor_middle_name,contributor_prefix,contributor_suffix,contributor_street_1,contributor_street_2,contributor_city,contributor_state,contributor_zip_code,election_code,election_other_description,contribution_date,contribution_amount,contribution_aggregate,contribution_purpose_descrip,contributor_employer,contributor_occupation,donor_committee_fec_id,donor_committee_name,donor_candidate_fec_id,donor_candidate_last_name,donor_candidate_first_name,donor_candidate_middle_name,donor_candidate_prefix,donor_candidate_suffix,donor_candidate_office,donor_candidate_state,donor_candidate_district,conduit_name,conduit_street1,conduit_street2,conduit_city,conduit_state,conduit_zip_code,memo_code,memo_text_description,reference_code
SA12,C00431353,1677149,,,ORG,The Klobuchar Victory Committee,,,,,,450 Brimhall St,,Saint Paul,MN,551052507,P2024,,2021-09-30,6000.00,342597.10,,,,,,,,,,,,,,,,,,,,,,,
SA12,C00431353,1677150,1677149,SA12,IND,,Vorbrich,Mary,Sue,,,6705 Gleason Rd,,Minneapolis,MN,554391129,P2024,,2021-09-13,100.00,5800.00,,N/A,Homemaker,,,,,,,,,,,,,,,,,,X,,
SA12,C00431353,1677151,1677149,SA12,IND,,Vorbrich,Mary,Sue,,,6705 Gleason Rd,,Minneapolis,MN,554391129,G2024,,2021-09-13,2900.00,5800.00,,N/A,Homemaker,,,,,,,,,,,,,,,,,,X,,
SA12,C00431353,1677152,1677149,SA12,IND,,Vorbrich,Peter,A,,,6705 Gleason Rd,,Minneapolis,MN,554391129,P2024,,2021-09-13,100.00,5800.00,,N/A,Retired,,,,,,,,,,,,,,,,,,X,,
SA12,C00431353,1677153,1677149,SA12,IND,,Vorbrich,Peter,A,,,6705 Gleason Rd,,Minneapolis,MN,554391129,G2024,,2021-09-13,2900.00,5800.00,,N/A,Retired,,,,,,,,,,,,,,,,,,X,,
