form_type,filer_committee_id_number,transaction_id,back_reference_tran_id_number,back_reference_sched_name,entity_type,contributor_organization_name,contributor_last_name,contributor_first_name,contributor_middle_name,contributor_prefix,contributor_suffix,contributor_street_1,contributor_street_2,contributor_city,contributor_state,contributor_zip_code,election_code,election_other_description,contribution_date,contribution_amount,contribution_aggregate,contribution_purpose_descrip,contributor_employer,contributor_occupation,donor_committee_fec_id,donor_committee_name,donor_candidate_fec_id,donor_candidate_last_name,donor_candidate_first_name,donor_candidate_middle_name,donor_candidate_prefix,donor_candidate_suffix,donor_candidate_office,donor_candidate_state,donor_candidate_district,conduit_name,conduit_street1,conduit_street2,conduit_city,conduit_state,conduit_zip_code,memo_code,memo_text_description,reference_code
SA14,C00431353,1677211,,,ORG,Delta Airlines,,,,,,1030 Delta Blvd,,Atlanta,GA,303541989,P2024,,2021-09-10,653.40,1031.80,,,,,,,,,,,,,,,,,,,,,X,* *Item included in below reimbursement,
SA14,C00431353,1677212,,,ORG,Delta Airlines,,,,,,1030 Delta Blvd,,Atlanta,GA,303541989,P2024,,2021-09-10,378.40,1031.80,,,,,,,,,,,,,,,,,,,,,X,* *Item included in below reimbursement,
SA14,C00431353,1677213,,,ORG,Spirit Airlines,,,,,,7000 W 24Th St,,Minneapolis,MN,554262709,P2024,,2021-09-10,221.39,521.78,,,,,,,,,,,,,,,,,,,,,X,* *Item included in below reimbursement,
SA14,C00431353,1677214,,,ORG,Spirit Airlines,,,,,,7000 W 24Th St,,Minneapolis,MN,554262709,P2024,,2021-09-10,300.39,521.78,,,,,,,,,,,,,,,,,,,,,X,* *Item included in below reimbursement,
SA14,C00431353,1676088,,,ORG,Stop The Republican Recall Of Governor Newsom,,,,,,1787 Tribute Rd,Ste K,Sacramento,CA,958154404,P2024,,2021-09-10,1553.58,1553.58,,,,,,,,,,,,,,,,,,,,,,Reimbursed Travel Expenses,
