form_type,filer_committee_id_number,transaction_id_number,back_reference_tran_id_number,back_reference_sched_name,entity_type,payee_organization_name,payee_last_name,payee_first_name,payee_middle_name,payee_prefix,payee_suffix,payee_street_1,payee_street_2,payee_city,payee_state,payee_zip_code,election_code,election_other_description,expenditure_date,expenditure_amount,semi_annual_refunded_bundled_amt,expenditure_purpose_descrip,category_code,beneficiary_committee_fec_id,beneficiary_committee_name,beneficiary_candidate_fec_id,beneficiary_candidate_last_name,beneficiary_candidate_first_name,beneficiary_candidate_middle_name,beneficiary_candidate_prefix,beneficiary_candidate_suffix,beneficiary_candidate_office,beneficiary_candidate_state,beneficiary_candidate_district,conduit_name,conduit_street_1,conduit_street_2,conduit_city,conduit_state,conduit_zip_code,memo_code,memo_text_description,reference_to_si_or_sl_system_code_that_identifies_the_account
SB21,C00431353,1677164C,1677164,SA11AI,PAC,ActBlue,,,,,,PO Box 441146,,West Somerville,MA,021440031,P2024,,2021-07-06,3.00,0.00,Conduit Contribution,,C00401224,ActBlue,,,,,,,,,,,,,,,,,Earmarked by Jack Horton,
SB21,C00431353,500041218,,,ORG,Cardmember Service,,,,,,PO Box 6353,,Fargo,ND,581256353,P2024,,2021-09-09,346.70,0.00,Credit Card Payment - Items Below Threshold,,,,,,,,,,,,,,,,,,,,,
SB21,C00431353,500040737,,,ORG,Council On Foreign Relations,,,,,,58 E 68Th St,,New York,NY,100655953,P2024,,2021-07-06,4630.00,0.00,Officially Connected - Dues,,,,,,,,,,,,,,,,,,,,,
SB21,C00431353,500040743,,,ORG,National Gallery Of Art,,,,,,6TH & CONSTITUTION Ave NW,,Washington,DC,205650001,P2024,,2021-09-30,4979.00,0.00,Officially Connected - Catering,,,,,,,,,,,,,,,,,,,,,
SB21,C00431353,500040746,,,ORG,Restaurant Associates,,,,,,91337 COLLECTIONS Dr,,Chicago,IL,606930001,P2024,,2021-08-26,205.20,0.00,Officially Connected - Catering,,,,,,,,,,,,,,,,,,,,,
