record_type,ef_type,fec_version,soft_name,soft_ver,report_id,report_number,comment
HDR,FEC,8.4,Microsoft Dynamics NAV 2017 - Broadpoint,1.00,FEC-1552756,002,
