form_type,filer_committee_id_number,transaction_id,back_reference_tran_id_number,back_reference_sched_name,entity_type,contributor_organization_name,contributor_last_name,contributor_first_name,contributor_middle_name,contributor_prefix,contributor_suffix,contributor_street_1,contributor_street_2,contributor_city,contributor_state,contributor_zip_code,election_code,election_other_description,contribution_date,contribution_amount,contribution_aggregate,contribution_purpose_descrip,contributor_employer,contributor_occupation,donor_committee_fec_id,donor_committee_name,donor_candidate_fec_id,donor_candidate_last_name,donor_candidate_first_name,donor_candidate_middle_name,donor_candidate_prefix,donor_candidate_suffix,donor_candidate_office,donor_candidate_state,donor_candidate_district,conduit_name,conduit_street1,conduit_street2,conduit_city,conduit_state,conduit_zip_code,memo_code,memo_text_description,reference_code
SA15,C00042366,SA15-206438,,,ORG,RWT Production LLC ,,,,,,8932 Orange Hunt Lane,,Annandale,VA,22003,,,2021-11-01,3529.86,12969.62,Postage Refund,,,,,,,,,,,,,,,,,,,,,,
SA15,C00042366,SA15-208268,,,COM,Wyden for Senate ,,,,,,PO Box 3498,,Portland,OR,97208,,,2021-11-02,100.00,200.00,Rent Offset ,,,,,,,,,,,,,,,,,,,,,,
SA15,C00042366,SA15-206582,,,ORG,RWT Production LLC ,,,,,,8932 Orange Hunt Lane,,Annandale,VA,22003,,,2021-11-04,2237.94,12969.62,Postage Refund,,,,,,,,,,,,,,,,,,,,,,
SA15,C00042366,SA15-207781,,,ORG,Stripe ,,,,,,3180 18th Street,Suite 100,San Francisco,CA,94110,,,2021-11-08,15.00,70.33,Credit Card Fee Refund,,,,,,,,,,,,,,,,,,,,,,
SA15,C00042366,SA15-208034,,,CCM,"Bob Casey for Senate, Inc. ",,,,,,PO Box 22469,,Philadelphia,PA,19110,,,2021-11-10,100.00,200.00,Rent Offset ,,,,"Bob Casey for Senate, Inc. ",,,,,,,,,,,,,,,,,,
SA15,C00042366,SA15-207077,,,ORG,USPS ,,,,,,600 Pennsylvania Avenue SE,,Washington,DC,20003,,,2021-11-16,3137.77,57523.88,Postage Refund,,,,,,,,,,,,,,,,,,,,,,
SA15,C00042366,SA15-207197,,,ORG,USPS ,,,,,,600 Pennsylvania Avenue SE,,Washington,DC,20003,,,2021-11-17,1070.08,57523.88,Postage Refund,,,,,,,,,,,,,,,,,,,,,,
SA15,C00042366,SA15-207295,,,ORG,Consili Inc. ,,,,,,"2520 st Rose Pkwy, Suite 112",,Henderson,NV,89074,,,2021-11-18,516.00,1548.00,Rent Offset ,,,,,,,,,,,,,,,,,,,,,rent offset for partial use of space,
