form_type,filer_committee_id_number,committee_name,change_of_address,street_1,street_2,city,state,zip_code,election_state,election_district,report_code,election_code,election_date,state_of_election,coverage_from_date,coverage_through_date,treasurer_last_name,treasurer_first_name,treasurer_middle_name,treasurer_prefix,treasurer_suffix,date_signed,col_a_total_contributions_no_loans,col_a_total_contributions_refunds,col_a_net_contributions,col_a_total_operating_expenditures,col_a_total_offset_to_operating_expenditures,col_a_net_operating_expenditures,col_a_cash_on_hand_close_of_period,col_a_debts_to,col_a_debts_by,col_a_individual_contributions_itemized,col_a_individual_contributions_unitemized,col_a_total_individual_contributions,col_a_political_party_contributions,col_a_pac_contributions,col_a_candidate_contributions,col_a_total_contributions,col_a_transfers_from_authorized,col_a_candidate_loans,col_a_other_loans,col_a_total_loans,col_a_offset_to_operating_expenditures,col_a_other_receipts,col_a_total_receipts,col_a_operating_expenditures,col_a_transfers_to_authorized,col_a_candidate_loan_repayments,col_a_other_loan_repayments,col_a_total_loan_repayments,col_a_refunds_to_individuals,col_a_refunds_to_party_committees,col_a_refunds_to_other_committees,col_a_total_refunds,col_a_other_disbursements,col_a_total_disbursements,col_a_cash_beginning_reporting_period,col_a_total_receipts_period,col_a_subtotals,col_a_total_disbursements_period,col_a_cash_on_hand_close,col_b_total_contributions_no_loans,col_b_total_contributions_refunds,col_b_net_contributions,col_b_total_operating_expenditures,col_b_total_offset_to_operating_expenditures,col_b_net_operating_expenditures,col_b_individual_contributions_itemized,col_b_individual_contributions_unitemized,col_b_total_individual_contributions,col_b_political_party_contributions,col_b_pac_contributions,col_b_candidate_contributions,col_b_total_contributions,col_b_transfers_from_authorized,col_b_candidate_loans,col_b_other_loans,col_b_total_loans,col_b_offset_to_operating_expenditures,col_b_other_receipts,col_b_total_receipts,col_b_operating_expenditures,col_b_transfers_to_authorized,col_b_candidate_loan_repayments,col_b_other_loan_repayments,col_b_total_loan_repayments,col_b_refunds_to_individuals,col_b_refunds_to_party_committees,col_b_refunds_to_other_committees,col_b_total_refunds,col_b_other_disbursements,col_b_total_disbursements
F3A,C00772335,Jeffrey Buongiorno for US Congress,,,,,,,FL,21,Q3,,,,2021-07-01,2021-09-30,buongiorno,Jeffrey,,,,2021-11-27,4239.00,0.00,4239.00,9229.09,0.00,9229.09,121009.91,0.00,134139.06,2500.00,1739.00,4239.00,0.00,0.00,0.00,4239.00,0.00,50000.00,0.00,50000.00,0.00,0.00,54239.00,9229.09,0.00,0.00,0.00,0.00,0.00,0.00,0.00,0.00,0.00,9229.09,76000.00,54239.00,130239.00,9229.09,121009.91,4239.00,0.00,4239.00,9229.09,0.00,9229.09,2500.00,1739.00,4239.00,0.00,0.00,0.00,4239.00,0.00,126000.00,0.00,126000.00,0.00,0.00,130239.00,9229.09,0.00,0.00,0.00,0.00,0.00,0.00,0.00,0.00,0.00,9229.09
