record_type,ef_type,fec_version,soft_name,soft_ver,report_id,report_number,comment
HDR,FEC,8.3,FECfile,8.3.0.3(f32),FEC-1542500,1,
