form_type,filer_committee_id_number,transaction_id,back_reference_tran_id_number,back_reference_sched_name,entity_type,contributor_organization_name,contributor_last_name,contributor_first_name,contributor_middle_name,contributor_prefix,contributor_suffix,contributor_street_1,contributor_street_2,contributor_city,contributor_state,contributor_zip_code,election_code,election_other_description,contribution_date,contribution_amount,contribution_aggregate,contribution_purpose_descrip,contributor_employer,contributor_occupation,donor_committee_fec_id,donor_committee_name,donor_candidate_fec_id,donor_candidate_last_name,donor_candidate_first_name,donor_candidate_middle_name,donor_candidate_prefix,donor_candidate_suffix,donor_candidate_office,donor_candidate_state,donor_candidate_district,conduit_name,conduit_street1,conduit_street2,conduit_city,conduit_state,conduit_zip_code,memo_code,memo_text_description,reference_code
SA11AI,C00772335,SA11AI.4265,,,IND,,barbariniweil,dale,,,,217 East 70th Street #1517,,ny,NY,10021,,,2021-08-05,1000.00,1000.00,,true,self,,,,,,,,,,,,,,,,,,,,
SA11AI,C00772335,SA11AI.4162,,,IND,,Civan,Raffi,,,,450 North Federal Highway,,Boynton Beach,FL,33435,,,2021-09-12,250.00,250.00,,,,,,,,,,,,,,,,,,,,,,,
SA11AI,C00772335,SA11AI.4153,,,IND,,Torres,Luis,,,,1375 River Road,,edgewater,NJ,07020,,,2021-09-29,250.00,250.00,,retired,,,,,,,,,,,,,,,,,,,,,
SA11AI,C00772335,SA11AI.4170,,,IND,,TorresO,Oscar,,,,3190 Southwest Saint Lucie Shores,,Palm City,FL,34990,P2022,,2021-09-12,1000.00,1000.00,,,,,,,,,,,,,,,,,,,,,,,
