form_type,filer_committee_id_number,transaction_id_number,receipt_line_number,entity_type,lender_organization_name,lender_last_name,lender_first_name,lender_middle_name,lender_prefix,lender_suffix,lender_street_1,lender_street_2,lender_city,lender_state,lender_zip_code,election_code,election_other_description,loan_amount_original,loan_payment_to_date,loan_balance,loan_incurred_date_terms,loan_due_date_terms,loan_interest_rate_terms,secured,personal_funds,lender_committee_id_number,lender_candidate_id_number,lender_candidate_last_name,lender_candidate_first_name,lender_candidate_middle_nm,lender_candidate_prefix,lender_candidate_suffix,lender_candidate_office,lender_candidate_state,lender_candidate_district,memo_code,memo_text_description
SC/10,C00772335,SC/10.4100,13A,CAN,,buongiorno,Jeffrey,,,,1901 S. Congress Ave,,Boynton Beach,FL,33426,P2022,,76000.00,0.00,76000.00,2021-04-08,on demand,0.0000,N,Y,,,buongiorno,Jeffrey,,,,H,FL,21,,
SC/10,C00772335,SC/10.4108,13A,CAN,,buongiorno,Jeffrey,,,,1901 S. Congress Ave,,Boynton Beach,FL,33426,P2022,,50000.00,0.00,50000.00,2021-09-30,2024,0.0000,N,Y,,,buongiorno,Jeffrey,,,,H,FL,21,,
