form_type,filer_committee_id_number,transaction_id_number,back_reference_tran_id_number,guarantor_last_name,guarantor_first_name,guarantor_middle_name,guarantor_prefix,guarantor_suffix,guarantor_street_1,guarantor_street_2,guarantor_city,guarantor_state,guarantor_zip_code,guarantor_employer,guarantor_occupation,guaranteed_amount
SC2/10,C00772335,SC/10.4108.0.SC2,SC/10.4108,buongiorno,Jeffrey,,,,1901 S. Congress Ave,,Boynton Beach,FL,33426,Self,IT Director,50000.00
