form_type,filer_committee_id_number,transaction_id_number,entity_type,creditor_organization_name,creditor_last_name,creditor_first_name,creditor_middle_name,creditor_prefix,creditor_suffix,creditor_street_1,creditor_street_2,creditor_city,creditor_state,creditor_zip_code,purpose_of_debt_or_obligation,beginning_balance_this_period,incurred_amount_this_period,payment_amount_this_period,balance_at_close_this_period
SD10,C00772335,SD10.4105,CAN,,buongiorno,Jeffrey,,,,1901 S. Congress Ave,,Boynton Beach,FL,33426,Charges/various on PNC Credit card,8139.06,0.00,0.00,8139.06
