form_type,filer_committee_id_number,committee_name,change_of_address,street_1,street_2,city,state,zip_code,election_state,election_district,report_code,election_code,election_date,state_of_election,coverage_from_date,coverage_through_date,treasurer_last_name,treasurer_first_name,treasurer_middle_name,treasurer_prefix,treasurer_suffix,date_signed,col_a_total_contributions_no_loans,col_a_total_contributions_refunds,col_a_net_contributions,col_a_total_operating_expenditures,col_a_total_offset_to_operating_expenditures,col_a_net_operating_expenditures,col_a_cash_on_hand_close_of_period,col_a_debts_to,col_a_debts_by,col_a_individual_contributions_itemized,col_a_individual_contributions_unitemized,col_a_total_individual_contributions,col_a_political_party_contributions,col_a_pac_contributions,col_a_candidate_contributions,col_a_total_contributions,col_a_transfers_from_authorized,col_a_candidate_loans,col_a_other_loans,col_a_total_loans,col_a_offset_to_operating_expenditures,col_a_other_receipts,col_a_total_receipts,col_a_operating_expenditures,col_a_transfers_to_authorized,col_a_candidate_loan_repayments,col_a_other_loan_repayments,col_a_total_loan_repayments,col_a_refunds_to_individuals,col_a_refunds_to_party_committees,col_a_refunds_to_other_committees,col_a_total_refunds,col_a_other_disbursements,col_a_total_disbursements,col_a_cash_beginning_reporting_period,col_a_total_receipts_period,col_a_subtotals,col_a_total_disbursements_period,col_a_cash_on_hand_close,col_b_total_contributions_no_loans,col_b_total_contributions_refunds,col_b_net_contributions,col_b_total_operating_expenditures,col_b_total_offset_to_operating_expenditures,col_b_net_operating_expenditures,col_b_individual_contributions_itemized,col_b_individual_contributions_unitemized,col_b_total_individual_contributions,col_b_political_party_contributions,col_b_pac_contributions,col_b_candidate_contributions,col_b_total_contributions,col_b_transfers_from_authorized,col_b_candidate_loans,col_b_other_loans,col_b_total_loans,col_b_offset_to_operating_expenditures,col_b_other_receipts,col_b_total_receipts,col_b_operating_expenditures,col_b_transfers_to_authorized,col_b_candidate_loan_repayments,col_b_other_loan_repayments,col_b_total_loan_repayments,col_b_refunds_to_individuals,col_b_refunds_to_party_committees,col_b_refunds_to_other_committees,col_b_total_refunds,col_b_other_disbursements,col_b_total_disbursements
F3N,C00710822,Dr. Al Gross for US Senate,,PO Box 90938,,Anchorage,AK,99509,AK,,Q2,,,,2020-04-01,2020-06-30,Petterson,Jay,,,,2020-07-15,1570586.16,6150.75,1564435.41,427131.85,150.68,426981.17,3207047.12,0.00,43160.26,1210417.90,206519.16,1416937.06,0.00,28850.00,124799.10,1570586.16,60189.95,0.00,0.00,0.00,150.68,0.00,1630926.79,427131.85,0.00,0.00,0.00,0.00,6150.75,0.00,0.00,6150.75,0.00,433282.60,2009402.93,1630926.79,3640329.72,433282.60,3207047.12,4597349.13,13643.19,4583705.94,1436999.45,150.68,1436848.77,3244051.24,512317.25,3756368.49,0.00,119560.62,721420.02,4597349.13,60189.95,0.00,0.00,0.00,150.68,1600.00,4659289.76,1436999.45,0.00,0.00,0.00,0.00,13643.19,0.00,0.00,13643.19,1600.00,1452242.64
