form_type,filer_committee_id_number,transaction_id,back_reference_tran_id_number,back_reference_sched_name,entity_type,contributor_organization_name,contributor_last_name,contributor_first_name,contributor_middle_name,contributor_prefix,contributor_suffix,contributor_street_1,contributor_street_2,contributor_city,contributor_state,contributor_zip_code,election_code,election_other_description,contribution_date,contribution_amount,contribution_aggregate,contribution_purpose_descrip,contributor_employer,contributor_occupation,donor_committee_fec_id,donor_committee_name,donor_candidate_fec_id,donor_candidate_last_name,donor_candidate_first_name,donor_candidate_middle_name,donor_candidate_prefix,donor_candidate_suffix,donor_candidate_office,donor_candidate_state,donor_candidate_district,conduit_name,conduit_street1,conduit_street2,conduit_city,conduit_state,conduit_zip_code,memo_code,memo_text_description,reference_code
SA11D,C00710822,6821989,,,CAN,,Gross,Al,S,,,PO Box 1828,,Petersburg,AK,998331828,P2020,,2020-04-16,9135.81,721420.02,,Dr. Al Gross For U.S. Senate,Candidate,,,S0AK00196,Gross,Al,S,,,S,AK,00,,,,,,,,* In-Kind: Printing,last_valid
SA11D,C00710822,6821995,,,CAN,,Gross,Al,S,,,PO Box 1828,,Petersburg,AK,998331828,P2020,,2020-05-04,122.00,721420.02,,Dr. Al Gross For U.S. Senate,Candidate,,,S0AK00196,Gross,Al,S,,,S,AK,00,,,,,,,,* In-Kind: Lodging,last_valid
SA11D,C00710822,7161050,,,CAN,,Gross,Al,S,,,PO Box 1828,,Petersburg,AK,998331828,P2020,,2020-06-30,100000.00,721420.02,,Dr. Al Gross For U.S. Senate,Candidate,,,S0AK00196,Gross,Al,S,,,S,AK,00,,,,,,,,,last_valid
