form_type,filer_committee_id_number,committee_name,change_of_address,street_1,street_2,city,state,zip_code,report_code,election_code,date_of_election,state_of_election,coverage_from_date,coverage_through_date,qualified_committee,treasurer_last_name,treasurer_first_name,treasurer_middle_name,treasurer_prefix,treasurer_suffix,date_signed,col_a_cash_on_hand_beginning_period,col_a_total_receipts,col_a_subtotal,col_a_total_disbursements,col_a_cash_on_hand_close_of_period,col_a_debts_to,col_a_debts_by,col_a_individuals_itemized,col_a_individuals_unitemized,col_a_individual_contribution_total,col_a_political_party_committees,col_a_other_political_committees_pacs,col_a_total_contributions,col_a_transfers_from_aff_other_party_cmttees,col_a_total_loans,col_a_total_loan_repayments_received,col_a_offsets_to_expenditures,col_a_federal_refunds,col_a_other_federal_receipts,col_a_transfers_from_nonfederal_h3,col_a_levin_funds,col_a_total_nonfederal_transfers,col_a_total_receipts,col_a_total_federal_receipts,col_a_shared_operating_expenditures_federal,col_a_shared_operating_expenditures_nonfederal,col_a_other_federal_operating_expenditures,col_a_total_operating_expenditures,col_a_transfers_to_affiliated,col_a_contributions_to_candidates,col_a_independent_expenditures,col_a_coordinated_expenditures_by_party_committees,col_a_total_loan_repayments_made,col_a_loans_made,col_a_refunds_to_individuals,col_a_refunds_to_party_committees,col_a_refunds_to_other_committees,col_a_total_refunds,col_a_other_disbursements,col_a_federal_election_activity_federal_share,col_a_federal_election_activity_levin_share,col_a_federal_election_activity_all_federal,col_a_federal_election_activity_total,col_a_total_disbursements,col_a_total_federal_disbursements,col_a_total_contributions,col_a_total_contributions_refunds,col_a_net_contributions,col_a_total_federal_operating_expenditures,col_a_total_offsets_to_expenditures,col_a_net_operating_expenditures,col_b_cash_on_hand_jan_1,col_b_year,col_b_total_receipts,col_b_subtotal,col_b_total_disbursements,col_b_cash_on_hand_close_of_period,col_b_individuals_itemized,col_b_individuals_unitemized,col_b_individual_contribution_total,col_b_political_party_committees,col_b_other_political_committees_pacs,col_b_total_contributions,col_b_transfers_from_aff_other_party_cmttees,col_b_total_loans,col_b_total_loan_repayments_received,col_b_offsets_to_expenditures,col_b_federal_refunds,col_b_other_federal_receipts,col_b_transfers_from_nonfederal_h3,col_b_levin_funds,col_b_total_nonfederal_transfers,col_b_total_receipts,col_b_total_federal_receipts,col_b_shared_operating_expenditures_federal,col_b_shared_operating_expenditures_nonfederal,col_b_other_federal_operating_expenditures,col_b_total_operating_expenditures,col_b_transfers_to_affiliated,col_b_contributions_to_candidates,col_b_independent_expenditures,col_b_coordinated_expenditures_by_party_committees,col_b_total_loan_repayments_made,col_b_loans_made,col_b_refunds_to_individuals,col_b_refunds_to_party_committees,col_b_refunds_to_other_committees,col_b_total_refunds,col_b_other_disbursements,col_b_federal_election_activity_federal_share,col_b_federal_election_activity_levin_share,col_b_federal_election_activity_all_federal,col_b_federal_election_activity_total,col_b_total_disbursements,col_b_total_federal_disbursements,col_b_total_contributions,col_b_total_contributions_refunds,col_b_net_contributions,col_b_total_federal_operating_expenditures,col_b_total_offsets_to_expenditures,col_b_net_operating_expenditures
F3XA,C00413955,AMERICAN ASSOCIATION OF NEUROLOGICAL SURGEONS POLITICAL ACTION COMMITTEE (NEUROSURGERYPAC),,"25 MASSACHUSETTS AVENUE, NW, SUITE",,WASHINGTON,DC,20001,MY,,,,2021-01-01,2021-06-30,,Asher,Anthony,,Dr.,,2021-12-02,106411.74,104171.78,210583.52,95313.87,115269.65,0.00,0.00,103071.78,1100.00,104171.78,0.00,0.00,104171.78,0.00,0.00,0.00,0.00,0.00,0.00,0.00,0.00,0.00,104171.78,104171.78,0.00,0.00,2121.57,2121.57,0.00,93000.00,0.00,0.00,0.00,0.00,0.00,0.00,0.00,0.00,192.30,0.00,0.00,0.00,0.00,95313.87,95313.87,104171.78,0.00,104171.78,2121.57,0.00,2121.57,106411.74,2021.00,104171.78,210583.52,95313.87,115269.65,103071.78,1100.00,104171.78,0.00,0.00,104171.78,0.00,0.00,0.00,0.00,0.00,0.00,0.00,0.00,0.00,104171.78,104171.78,0.00,0.00,2121.57,2121.57,0.00,93000.00,0.00,0.00,0.00,0.00,0.00,0.00,0.00,0.00,192.30,0.00,0.00,0.00,0.00,95313.87,95313.87,104171.78,0.00,104171.78,2121.57,0.00,2121.57
