form_type,filer_committee_id_number,transaction_id_number,back_reference_tran_id_number,back_reference_sched_name,entity_type,payee_organization_name,payee_last_name,payee_first_name,payee_middle_name,payee_prefix,payee_suffix,payee_street_1,payee_street_2,payee_city,payee_state,payee_zip_code,election_code,election_other_description,expenditure_date,expenditure_amount,semi_annual_refunded_bundled_amt,expenditure_purpose_descrip,category_code,beneficiary_committee_fec_id,beneficiary_committee_name,beneficiary_candidate_fec_id,beneficiary_candidate_last_name,beneficiary_candidate_first_name,beneficiary_candidate_middle_name,beneficiary_candidate_prefix,beneficiary_candidate_suffix,beneficiary_candidate_office,beneficiary_candidate_state,beneficiary_candidate_district,conduit_name,conduit_street_1,conduit_street_2,conduit_city,conduit_state,conduit_zip_code,memo_code,memo_text_description,reference_to_si_or_sl_system_code_that_identifies_the_account
SB21B,C00413955,SB21B.4288,,,ORG,American Express,,,,,,PO Box 53852,,Phoenix,AZ,85072,,,2021-04-30,676.12,,Amex fees April 2021,,,,,,,,,,,,,,,,,,,,,
SB21B,C00413955,SB21B.4289,,,ORG,American Express,,,,,,PO Box 53852,,Phoenix,AZ,85072,,,2021-05-31,2.97,,Amex fees May 2021,,,,,,,,,,,,,,,,,,,,,
SB21B,C00413955,SB21B.4290,,,ORG,American Express,,,,,,PO Box 53852,,Phoenix,AZ,85072,,,2021-06-30,129.45,,Amex fees June 2021,,,,,,,,,,,,,,,,,,,,,
SB21B,C00413955,SB21B.4298,,,ORG,JP MORGAN CHASE,,,,,,IL1-1228 10 South Dearborn Street,,Chicago,IL,60603,,,2021-01-31,715.73,,PAC Bank Fees,,,,,,,,,,,,,,,,,,,,,
SB21B,C00413955,SB21B.4295,,,ORG,"PayPal, Inc",,,,,,4100 Solutions Center 774100,,Chicago,IL,60677,,,2021-04-30,308.35,,PayPal Processing Fees April 2021,,,,,,,,,,,,,,,,,,,,,
SB21B,C00413955,SB21B.4294,,,ORG,"PayPal, Inc",,,,,,4100 Solutions Center 774100,,Chicago,IL,60677,,,2021-05-31,22.30,,PayPal Processing Fees May 2021,,,,,,,,,,,,,,,,,,,,,
SB21B,C00413955,SB21B.4292,,,ORG,"PayPal, Inc",,,,,,4100 Solutions Center 774100,,Chicago,IL,60677,,,2021-06-30,117.27,,PayPal Processing Fees June 2021,,,,,,,,,,,,,,,,,,,,,
